﻿
> codesiege@0.0.0 build
> vite build

[36mvite v7.3.0 [32mbuilding client environment for production...[36m[39m
transforming...
[32mΓ£ô[39m 3008 modules transformed.
node.exe : 
[31mΓ£ù[39m Build 
failed in 10.70s
At line:1 char:1
+ & "C:\Program 
Files\nodejs/node.exe" 
"C:\Program 
Files\nodejs/node_mo ...
+ ~~~~~~~~~~~~~~~~~~~~~~
~~~~~~~~~~~~~~~~~~~~~~~~
~~~~~~~~~~~~~~~~~~~~~~~
    + CategoryInfo      
        : NotSpecified  
  : ([31mΓ£ù[39m Bu   
 ild failed in 10.70    
s:String) [], Remot    
eException
    + FullyQualifiedErr 
   orId : NativeComman  
  dError
 
[31merror during build:
[31msrc/components/game
/MultiplayerLobbyModal.j
sx (17:40): "getRank" 
is not exported by "src/
utils/rankSystem.js", 
imported by "src/compone
nts/game/MultiplayerLobb
yModal.jsx".[31m
file: [36mC:/Users/User
/Desktop/Code 
Siege/Code Siege/src/com
ponents/game/Multiplayer
LobbyModal.jsx:17:40[31
m
[33m
15: import { useUser } 
from '../../contexts/Use
rContext';
16: 
17: import { 
getRankFromExp as 
getRankData, getRank } 
from '../../utils/rankSy
stem';
                        
                    ^
18: import supabase 
from 
'../../lib/supabase';
19: import { userAPI, 
algorithmAPI } from 
'../../services/api';
[31m
    at getRollupError (f
ile:///C:/Users/User/Des
ktop/Code%20Siege/Code%2
0Siege/node_modules/roll
up/dist/es/shared/parseA
st.js:401:41)
    at error (file:///C:
/Users/User/Desktop/Code
%20Siege/Code%20Siege/no
de_modules/rollup/dist/e
s/shared/parseAst.js:397
:42)
    at Module.error (fil
e:///C:/Users/User/Deskt
op/Code%20Siege/Code%20S
iege/node_modules/rollup
/dist/es/shared/node-ent
ry.js:17022:16)
    at 
Module.traceVariable (fi
le:///C:/Users/User/Desk
top/Code%20Siege/Code%20
Siege/node_modules/rollu
p/dist/es/shared/node-en
try.js:17478:29)
    at ModuleScope.findV
ariable (file:///C:/User
s/User/Desktop/Code%20Si
ege/Code%20Siege/node_mo
dules/rollup/dist/es/sha
red/node-entry.js:15141:
39)
    at ReturnValueScope.
findVariable (file:///C:
/Users/User/Desktop/Code
%20Siege/Code%20Siege/no
de_modules/rollup/dist/e
s/shared/node-entry.js:5
688:38)
    at FunctionBodyScope
.findVariable (file:///C
:/Users/User/Desktop/Cod
e%20Siege/Code%20Siege/n
ode_modules/rollup/dist/
es/shared/node-entry.js:
5688:38)
    at ReturnValueScope.
findVariable (file:///C:
/Users/User/Desktop/Code
%20Siege/Code%20Siege/no
de_modules/rollup/dist/e
s/shared/node-entry.js:5
688:38)
    at FunctionBodyScope
.findVariable (file:///C
:/Users/User/Desktop/Cod
e%20Siege/Code%20Siege/n
ode_modules/rollup/dist/
es/shared/node-entry.js:
5688:38)
    at TrackingScope.fin
dVariable (file:///C:/Us
ers/User/Desktop/Code%20
Siege/Code%20Siege/node_
modules/rollup/dist/es/s
hared/node-entry.js:5688
:38)[39m
