--- v1beta ---
models/embedding-gecko-001
models/gemini-2.5-flash
models/gemini-2.5-pro
models/gemini-2.0-flash-exp
models/gemini-2.0-flash
models/gemini-2.0-flash-001
models/gemini-2.0-flash-exp-image-generation
models/gemini-2.0-flash-lite-001
models/gemini-2.0-flash-lite
models/gemini-2.0-flash-lite-preview-02-05
models/gemini-2.0-flash-lite-preview
models/gemini-exp-1206
models/gemini-2.5-flash-preview-tts
models/gemini-2.5-pro-preview-tts
models/gemma-3-1b-it
models/gemma-3-4b-it
models/gemma-3-12b-it
models/gemma-3-27b-it
models/gemma-3n-e4b-it
models/gemma-3n-e2b-it
models/gemini-flash-latest
models/gemini-flash-lite-latest
models/gemini-pro-latest
models/gemini-2.5-flash-lite
models/gemini-2.5-flash-image
models/gemini-2.5-flash-preview-09-2025
models/gemini-2.5-flash-lite-preview-09-2025
models/gemini-3-pro-preview
models/gemini-3-flash-preview
models/gemini-3-pro-image-preview
models/nano-banana-pro-preview
models/gemini-robotics-er-1.5-preview
models/gemini-2.5-computer-use-preview-10-2025
models/deep-research-pro-preview-12-2025
models/embedding-001
models/text-embedding-004
models/gemini-embedding-exp-03-07
models/gemini-embedding-exp
models/gemini-embedding-001
models/aqa
models/imagen-4.0-generate-preview-06-06
models/imagen-4.0-ultra-generate-preview-06-06
models/imagen-4.0-generate-001
models/imagen-4.0-ultra-generate-001
models/imagen-4.0-fast-generate-001
models/veo-2.0-generate-001
models/veo-3.0-generate-001
models/veo-3.0-fast-generate-001
models/veo-3.1-generate-preview
models/veo-3.1-fast-generate-preview

--- v1 ---
models/gemini-2.5-flash
models/gemini-2.5-pro
models/gemini-2.0-flash
models/gemini-2.0-flash-001
models/gemini-2.0-flash-lite-001
models/gemini-2.0-flash-lite
models/gemini-2.5-flash-lite
models/embedding-001
models/text-embedding-004
